#-----------------------------------------------------------
# Vivado v2018.3 (64-bit)
# SW Build 2405991 on Thu Dec  6 23:38:27 MST 2018
# IP Build 2404404 on Fri Dec  7 01:43:56 MST 2018
# Start of session at: Tue Oct 18 00:05:05 2022
# Process ID: 12604
# Current directory: C:/Users/yigit/Desktop/Okul/2022 güz/Sayýsal sistem tasarým uygulamalarý/sstu_odevler/sstu_odev1
# Command line: vivado.exe -gui_launcher_event rodinguilauncherevent20536 C:\Users\yigit\Desktop\Okul\2022 güz\Sayýsal sistem tasarým uygulamalarý\sstu_odevler\sstu_odev1\sstu_odev1.xpr
# Log file: C:/Users/yigit/Desktop/Okul/2022 güz/Sayýsal sistem tasarým uygulamalarý/sstu_odevler/sstu_odev1/vivado.log
# Journal file: C:/Users/yigit/Desktop/Okul/2022 güz/Sayýsal sistem tasarým uygulamalarý/sstu_odevler/sstu_odev1\vivado.jou
#-----------------------------------------------------------
start_gui
open_project {C:/Users/yigit/Desktop/Okul/2022 güz/Sayýsal sistem tasarým uygulamalarý/sstu_odevler/sstu_odev1/sstu_odev1.xpr}
update_compile_order -fileset sources_1
file mkdir C:/Users/yigit/Desktop/Okul/2022 güz/Sayýsal sistem tasarým uygulamalarý/sstu_odevler/sstu_odev1/sstu_odev1.srcs/sim_1/new
file mkdir C:/Users/yigit/Desktop/Okul/2022 güz/Sayýsal sistem tasarým uygulamalarý/sstu_odevler/sstu_odev1/sstu_odev1.srcs/sim_1/new
file mkdir C:/Users/yigit/Desktop/Okul/2022 güz/Sayýsal sistem tasarým uygulamalarý/sstu_odevler/sstu_odev1/sstu_odev1.srcs/sim_1/new
file mkdir C:/Users/yigit/Desktop/Okul/2022 güz/Sayýsal sistem tasarým uygulamalarý/sstu_odevler/sstu_odev1/sstu_odev1.srcs/sim_1/new
file mkdir C:/Users/yigit/Desktop/Okul/2022 güz/Sayýsal sistem tasarým uygulamalarý/sstu_odevler/sstu_odev1/sstu_odev1.srcs/sim_1/new
set_property SOURCE_SET sources_1 [get_filesets sim_1]
file mkdir C:/Users/yigit/Desktop/Okul/2022 güz/Sayýsal sistem tasarým uygulamalarý/sstu_odevler/sstu_odev1/sstu_odev1.srcs/sim_1/new
file mkdir {C:/Users/yigit/Desktop/Okul/2022 güz/Sayýsal sistem tasarým uygulamalarý/sstu_odevler/sstu_odev1/sstu_odev1.srcs/sim_1/new}
close [ open {C:/Users/yigit/Desktop/Okul/2022 güz/Sayýsal sistem tasarým uygulamalarý/sstu_odevler/sstu_odev1/sstu_odev1.srcs/sim_1/new/Top_Module_tb.v} w ]
add_files -fileset sim_1 {{C:/Users/yigit/Desktop/Okul/2022 güz/Sayýsal sistem tasarým uygulamalarý/sstu_odevler/sstu_odev1/sstu_odev1.srcs/sim_1/new/Top_Module_tb.v}}
update_compile_order -fileset sim_1
update_compile_order -fileset sim_1
launch_runs impl_1 -jobs 8
wait_on_run impl_1
reset_run synth_1
launch_runs impl_1 -jobs 8
wait_on_run impl_1
reset_run synth_1
launch_runs impl_1 -jobs 8
wait_on_run impl_1
reset_run synth_1
launch_runs impl_1 -jobs 8
wait_on_run impl_1
reset_run synth_1
launch_runs synth_1 -jobs 8
wait_on_run synth_1
reset_run synth_1
launch_runs impl_1 -jobs 8
wait_on_run impl_1
