
===========================================================================
report_parasitic_annotation -report_unannotated
============================================================================
Found 0 unannotated drivers.
Found 0 partially unannotated drivers.
parastic_annotation_check
check_slew

===========================================================================
 report_check_types -max_slew -max_cap -max_fanout -violators
============================================================================
max fanout

Pin                                   Limit Fanout  Slack
---------------------------------------------------------
_05081_/X                                10     39    -29 (VIOLATED)
_06610_/X                                10     32    -22 (VIOLATED)
_06964_/X                                10     31    -21 (VIOLATED)
_06202_/X                                10     28    -18 (VIOLATED)
_04833_/X                                10     26    -16 (VIOLATED)
_05940_/X                                10     26    -16 (VIOLATED)
_05564_/X                                10     25    -15 (VIOLATED)
_05686_/X                                10     22    -12 (VIOLATED)
_05606_/X                                10     21    -11 (VIOLATED)
_04975_/X                                10     20    -10 (VIOLATED)
_06544_/X                                10     20    -10 (VIOLATED)
_04681_/X                                10     19     -9 (VIOLATED)
_04822_/X                                10     19     -9 (VIOLATED)
_06602_/X                                10     19     -9 (VIOLATED)
_04694_/X                                10     18     -8 (VIOLATED)
_04768_/X                                10     18     -8 (VIOLATED)
_06767_/X                                10     18     -8 (VIOLATED)
clkbuf_4_4__f_clk/X                      10     18     -8 (VIOLATED)
_04735_/X                                10     17     -7 (VIOLATED)
_04755_/X                                10     17     -7 (VIOLATED)
_04769_/X                                10     17     -7 (VIOLATED)
_04907_/X                                10     17     -7 (VIOLATED)
_05047_/X                                10     17     -7 (VIOLATED)
_05571_/X                                10     17     -7 (VIOLATED)
_05693_/X                                10     17     -7 (VIOLATED)
_05739_/X                                10     17     -7 (VIOLATED)
_04754_/X                                10     16     -6 (VIOLATED)
_05011_/X                                10     16     -6 (VIOLATED)
_05480_/X                                10     16     -6 (VIOLATED)
_05555_/X                                10     16     -6 (VIOLATED)
_07352_/X                                10     16     -6 (VIOLATED)
clkbuf_4_11__f_clk/X                     10     16     -6 (VIOLATED)
clkbuf_4_14__f_clk/X                     10     16     -6 (VIOLATED)
clkbuf_4_1__f_clk/X                      10     16     -6 (VIOLATED)
_04688_/X                                10     15     -5 (VIOLATED)
_04787_/X                                10     15     -5 (VIOLATED)
_05188_/X                                10     15     -5 (VIOLATED)
_05202_/X                                10     15     -5 (VIOLATED)
_05215_/X                                10     15     -5 (VIOLATED)
_05222_/X                                10     15     -5 (VIOLATED)
_05635_/X                                10     15     -5 (VIOLATED)
_05653_/X                                10     15     -5 (VIOLATED)
_05679_/X                                10     15     -5 (VIOLATED)
_05916_/X                                10     15     -5 (VIOLATED)
_06097_/X                                10     15     -5 (VIOLATED)
_06545_/X                                10     15     -5 (VIOLATED)
_06605_/X                                10     15     -5 (VIOLATED)
_06667_/X                                10     15     -5 (VIOLATED)
_06670_/X                                10     15     -5 (VIOLATED)
clkbuf_4_2__f_clk/X                      10     15     -5 (VIOLATED)
clkbuf_4_3__f_clk/X                      10     15     -5 (VIOLATED)
clkbuf_4_7__f_clk/X                      10     15     -5 (VIOLATED)
_04696_/X                                10     14     -4 (VIOLATED)
_04741_/X                                10     14     -4 (VIOLATED)
_04757_/X                                10     14     -4 (VIOLATED)
_04788_/X                                10     14     -4 (VIOLATED)
_04823_/X                                10     14     -4 (VIOLATED)
_04869_/X                                10     14     -4 (VIOLATED)
_04881_/X                                10     14     -4 (VIOLATED)
_04932_/X                                10     14     -4 (VIOLATED)
_04942_/X                                10     14     -4 (VIOLATED)
_05030_/X                                10     14     -4 (VIOLATED)
_05264_/X                                10     14     -4 (VIOLATED)
_05658_/X                                10     14     -4 (VIOLATED)
_05696_/X                                10     14     -4 (VIOLATED)
_05744_/X                                10     14     -4 (VIOLATED)
_05756_/X                                10     14     -4 (VIOLATED)
_05767_/X                                10     14     -4 (VIOLATED)
_06649_/X                                10     14     -4 (VIOLATED)
_06666_/X                                10     14     -4 (VIOLATED)
_06701_/X                                10     14     -4 (VIOLATED)
_06790_/X                                10     14     -4 (VIOLATED)
clkbuf_4_6__f_clk/X                      10     14     -4 (VIOLATED)
_04724_/X                                10     13     -3 (VIOLATED)
_04764_/X                                10     13     -3 (VIOLATED)
_04765_/X                                10     13     -3 (VIOLATED)
_04802_/X                                10     13     -3 (VIOLATED)
_04813_/X                                10     13     -3 (VIOLATED)
_04814_/X                                10     13     -3 (VIOLATED)
_04816_/X                                10     13     -3 (VIOLATED)
_04826_/X                                10     13     -3 (VIOLATED)
_04860_/X                                10     13     -3 (VIOLATED)
_04925_/X                                10     13     -3 (VIOLATED)
_04986_/X                                10     13     -3 (VIOLATED)
_05090_/X                                10     13     -3 (VIOLATED)
_05097_/X                                10     13     -3 (VIOLATED)
_05109_/X                                10     13     -3 (VIOLATED)
_05187_/X                                10     13     -3 (VIOLATED)
_05224_/X                                10     13     -3 (VIOLATED)
_05253_/X                                10     13     -3 (VIOLATED)
_05265_/X                                10     13     -3 (VIOLATED)
_05314_/X                                10     13     -3 (VIOLATED)
_05320_/X                                10     13     -3 (VIOLATED)
_05338_/X                                10     13     -3 (VIOLATED)
_05339_/X                                10     13     -3 (VIOLATED)
_05484_/X                                10     13     -3 (VIOLATED)
_05490_/X                                10     13     -3 (VIOLATED)
_05506_/X                                10     13     -3 (VIOLATED)
_05573_/X                                10     13     -3 (VIOLATED)
_05586_/X                                10     13     -3 (VIOLATED)
_05596_/X                                10     13     -3 (VIOLATED)
_05633_/X                                10     13     -3 (VIOLATED)
_05637_/X                                10     13     -3 (VIOLATED)
_05759_/X                                10     13     -3 (VIOLATED)
_06057_/X                                10     13     -3 (VIOLATED)
_06070_/X                                10     13     -3 (VIOLATED)
_06126_/X                                10     13     -3 (VIOLATED)
_06367_/X                                10     13     -3 (VIOLATED)
_06568_/X                                10     13     -3 (VIOLATED)
_06706_/X                                10     13     -3 (VIOLATED)
_06774_/X                                10     13     -3 (VIOLATED)
_06780_/X                                10     13     -3 (VIOLATED)
_07183_/X                                10     13     -3 (VIOLATED)
_08074_/X                                10     13     -3 (VIOLATED)
clkbuf_4_10__f_clk/X                     10     13     -3 (VIOLATED)
clkbuf_4_12__f_clk/X                     10     13     -3 (VIOLATED)
clkbuf_4_13__f_clk/X                     10     13     -3 (VIOLATED)
clkbuf_4_9__f_clk/X                      10     13     -3 (VIOLATED)
_04673_/X                                10     12     -2 (VIOLATED)
_04698_/X                                10     12     -2 (VIOLATED)
_04726_/X                                10     12     -2 (VIOLATED)
_04733_/X                                10     12     -2 (VIOLATED)
_04737_/X                                10     12     -2 (VIOLATED)
_04749_/X                                10     12     -2 (VIOLATED)
_04750_/X                                10     12     -2 (VIOLATED)
_04772_/X                                10     12     -2 (VIOLATED)
_04782_/X                                10     12     -2 (VIOLATED)
_04784_/X                                10     12     -2 (VIOLATED)
_04808_/X                                10     12     -2 (VIOLATED)
_04818_/X                                10     12     -2 (VIOLATED)
_04825_/X                                10     12     -2 (VIOLATED)
_04855_/X                                10     12     -2 (VIOLATED)
_04863_/X                                10     12     -2 (VIOLATED)
_05035_/X                                10     12     -2 (VIOLATED)
_05059_/X                                10     12     -2 (VIOLATED)
_05082_/X                                10     12     -2 (VIOLATED)
_05084_/X                                10     12     -2 (VIOLATED)
_05091_/X                                10     12     -2 (VIOLATED)
_05099_/X                                10     12     -2 (VIOLATED)
_05136_/X                                10     12     -2 (VIOLATED)
_05195_/X                                10     12     -2 (VIOLATED)
_05207_/X                                10     12     -2 (VIOLATED)
_05209_/X                                10     12     -2 (VIOLATED)
_05214_/X                                10     12     -2 (VIOLATED)
_05227_/X                                10     12     -2 (VIOLATED)
_05231_/X                                10     12     -2 (VIOLATED)
_05241_/X                                10     12     -2 (VIOLATED)
_05251_/X                                10     12     -2 (VIOLATED)
_05257_/X                                10     12     -2 (VIOLATED)
_05267_/X                                10     12     -2 (VIOLATED)
_05276_/X                                10     12     -2 (VIOLATED)
_05288_/X                                10     12     -2 (VIOLATED)
_05289_/X                                10     12     -2 (VIOLATED)
_05293_/X                                10     12     -2 (VIOLATED)
_05315_/X                                10     12     -2 (VIOLATED)
_05331_/X                                10     12     -2 (VIOLATED)
_05335_/X                                10     12     -2 (VIOLATED)
_05336_/X                                10     12     -2 (VIOLATED)
_05359_/X                                10     12     -2 (VIOLATED)
_05539_/X                                10     12     -2 (VIOLATED)
_05549_/X                                10     12     -2 (VIOLATED)
_05584_/X                                10     12     -2 (VIOLATED)
_05590_/X                                10     12     -2 (VIOLATED)
_05621_/X                                10     12     -2 (VIOLATED)
_05627_/X                                10     12     -2 (VIOLATED)
_05711_/X                                10     12     -2 (VIOLATED)
_05757_/X                                10     12     -2 (VIOLATED)
_05803_/X                                10     12     -2 (VIOLATED)
_05808_/X                                10     12     -2 (VIOLATED)
_05846_/X                                10     12     -2 (VIOLATED)
_05885_/X                                10     12     -2 (VIOLATED)
_05967_/X                                10     12     -2 (VIOLATED)
_06027_/X                                10     12     -2 (VIOLATED)
_06079_/X                                10     12     -2 (VIOLATED)
_06081_/X                                10     12     -2 (VIOLATED)
_06099_/X                                10     12     -2 (VIOLATED)
_06113_/X                                10     12     -2 (VIOLATED)
_06473_/X                                10     12     -2 (VIOLATED)
_06531_/X                                10     12     -2 (VIOLATED)
_06754_/X                                10     12     -2 (VIOLATED)
_06783_/X                                10     12     -2 (VIOLATED)
_06827_/X                                10     12     -2 (VIOLATED)
_07500_/X                                10     12     -2 (VIOLATED)
_07594_/X                                10     12     -2 (VIOLATED)
_07641_/X                                10     12     -2 (VIOLATED)
_07937_/X                                10     12     -2 (VIOLATED)
_08142_/X                                10     12     -2 (VIOLATED)
_08724_/X                                10     12     -2 (VIOLATED)
_08794_/X                                10     12     -2 (VIOLATED)
_09000_/X                                10     12     -2 (VIOLATED)
_09204_/X                                10     12     -2 (VIOLATED)
clkbuf_4_0__f_clk/X                      10     12     -2 (VIOLATED)
clkbuf_4_15__f_clk/X                     10     12     -2 (VIOLATED)
clkbuf_4_5__f_clk/X                      10     12     -2 (VIOLATED)
_04670_/Y                                10     11        (VIOLATED)
_04677_/Y                                10     11        (VIOLATED)
_04690_/X                                10     11        (VIOLATED)
_04693_/X                                10     11        (VIOLATED)
_04712_/X                                10     11        (VIOLATED)
_04718_/X                                10     11        (VIOLATED)
_04719_/X                                10     11        (VIOLATED)
_04721_/X                                10     11        (VIOLATED)
_04722_/X                                10     11        (VIOLATED)
_04740_/X                                10     11        (VIOLATED)
_04790_/X                                10     11        (VIOLATED)
_04803_/X                                10     11        (VIOLATED)
_04805_/X                                10     11        (VIOLATED)
_04831_/X                                10     11        (VIOLATED)
_05018_/X                                10     11        (VIOLATED)
_05063_/X                                10     11        (VIOLATED)
_05119_/X                                10     11        (VIOLATED)
_05124_/X                                10     11        (VIOLATED)
_05152_/X                                10     11        (VIOLATED)
_05159_/X                                10     11        (VIOLATED)
_05198_/X                                10     11        (VIOLATED)
_05220_/X                                10     11        (VIOLATED)
_05240_/X                                10     11        (VIOLATED)
_05254_/X                                10     11        (VIOLATED)
_05278_/X                                10     11        (VIOLATED)
_05285_/X                                10     11        (VIOLATED)
_05299_/X                                10     11        (VIOLATED)
_05309_/X                                10     11        (VIOLATED)
_05312_/X                                10     11        (VIOLATED)
_05319_/X                                10     11        (VIOLATED)
_05327_/X                                10     11        (VIOLATED)
_05329_/X                                10     11        (VIOLATED)
_05463_/X                                10     11        (VIOLATED)
_05481_/X                                10     11        (VIOLATED)
_05509_/X                                10     11        (VIOLATED)
_05565_/X                                10     11        (VIOLATED)
_05570_/X                                10     11        (VIOLATED)
_05594_/X                                10     11        (VIOLATED)
_05608_/X                                10     11        (VIOLATED)
_05609_/X                                10     11        (VIOLATED)
_05651_/X                                10     11        (VIOLATED)
_05657_/X                                10     11        (VIOLATED)
_05684_/X                                10     11        (VIOLATED)
_05760_/X                                10     11        (VIOLATED)
_05925_/X                                10     11        (VIOLATED)
_05982_/X                                10     11        (VIOLATED)
_06083_/X                                10     11        (VIOLATED)
_06085_/X                                10     11        (VIOLATED)
_06104_/X                                10     11        (VIOLATED)
_06118_/X                                10     11        (VIOLATED)
_06728_/X                                10     11        (VIOLATED)
_06758_/X                                10     11        (VIOLATED)
_06763_/X                                10     11        (VIOLATED)
_06766_/X                                10     11        (VIOLATED)
_06769_/X                                10     11        (VIOLATED)
_06797_/X                                10     11        (VIOLATED)
_06806_/X                                10     11        (VIOLATED)
_06815_/X                                10     11        (VIOLATED)
_06841_/X                                10     11        (VIOLATED)
_07224_/X                                10     11        (VIOLATED)
_07422_/X                                10     11        (VIOLATED)
_07473_/X                                10     11        (VIOLATED)
_07504_/X                                10     11        (VIOLATED)
_07662_/X                                10     11        (VIOLATED)
_07752_/X                                10     11        (VIOLATED)
_07958_/X                                10     11        (VIOLATED)
_08005_/X                                10     11        (VIOLATED)
_08231_/X                                10     11        (VIOLATED)
_08402_/X                                10     11        (VIOLATED)
_08450_/X                                10     11        (VIOLATED)
_08518_/X                                10     11        (VIOLATED)
_08586_/X                                10     11        (VIOLATED)
_08676_/X                                10     11        (VIOLATED)
_08815_/X                                10     11        (VIOLATED)
_08862_/X                                10     11        (VIOLATED)
_09089_/X                                10     11        (VIOLATED)
_09115_/X                                10     11        (VIOLATED)
_09136_/X                                10     11        (VIOLATED)
_09157_/X                                10     11        (VIOLATED)
_09183_/X                                10     11        (VIOLATED)
_09340_/X                                10     11        (VIOLATED)
clkbuf_4_8__f_clk/X                      10     11        (VIOLATED)


===========================================================================
max slew violation count 0
max fanout violation count 276
max cap violation count 0
============================================================================
check_slew_end
tns_report

===========================================================================
 report_tns
============================================================================
tns 0.00
tns_report_end
wns_report

===========================================================================
 report_wns
============================================================================
wns 0.00
wns_report_end
worst_slack

===========================================================================
 report_worst_slack -max (Setup)
============================================================================
worst slack 2.04

===========================================================================
 report_worst_slack -min (Hold)
============================================================================
worst slack 0.30
worst_slack_end
clock_skew

===========================================================================
 report_clock_skew
============================================================================
Clock clk
Latency      CRPR       Skew
_10276_/CLK ^
   1.19
_10276_/CLK ^
   1.08     -0.11       0.00

clock_skew_end
power_report

===========================================================================
 report_power
============================================================================
Group                  Internal  Switching    Leakage      Total
                          Power      Power      Power      Power (Watts)
----------------------------------------------------------------
Sequential             4.85e-03   1.36e-03   1.15e-08   6.21e-03  37.8%
Combinational          5.54e-03   4.70e-03   6.17e-08   1.02e-02  62.2%
Macro                  0.00e+00   0.00e+00   0.00e+00   0.00e+00   0.0%
Pad                    0.00e+00   0.00e+00   0.00e+00   0.00e+00   0.0%
----------------------------------------------------------------
Total                  1.04e-02   6.06e-03   7.32e-08   1.64e-02 100.0%
                          63.1%      36.9%       0.0%
power_report_end
area_report

===========================================================================
 report_design_area
============================================================================
Design area 86787 u^2 14% utilization.
area_report_end
Setting global connections for newly added cells...
[WARNING] Did not save OpenROAD database!
Writing SDF to /openlane/designs/register_file/runs/run/results/routing/mca/process_corner_nom/register_file.sdf...
Writing timing model to /openlane/designs/register_file/runs/run/results/routing/mca/process_corner_nom/register_file.lib...

